// Jest Snapshot v1, https://goo.gl/fbAQLP

exports[`SignupForm should render correctly in debug mode 1`] = `
<Fragment>
  <div
    id="username"
  />
  <input
    id="username-input"
    name=""
    onChange={[Function]}
    type="text"
    value="Adarsh"
  />
  <button
    id="signupform-submit"
    onClick={[Function]}
    type="submit"
    value="Submit"
  >
    Submit
  </button>
</Fragment>
`;
